
> vite_react_shadcn_ts@0.0.0 build
> rm -rf dist && npm run build:client && npm run build:server && node scripts/prerender.mjs && rm -rf dist/server


> vite_react_shadcn_ts@0.0.0 build:client
> vite build --outDir dist/client

vite v5.4.21 building for production...
transforming...
✓ 1793 modules transformed.
rendering chunks...
computing gzip size...
dist/client/index.html                           0.62 kB │ gzip:   0.39 kB
dist/client/assets/maldivas--8y8Ne0m.jpg        58.56 kB
dist/client/assets/shanghai-v2-dr9EL.jpg        68.44 kB
dist/client/assets/nueva-york-DKbiVQ5Q.jpg      68.92 kB
dist/client/assets/singapur-pf12c61-.jpg        70.47 kB
dist/client/assets/pekin-DVdVZImY.jpg           70.59 kB
dist/client/assets/londres-CDvyix2W.jpg         72.52 kB
dist/client/assets/bangkok-DoI2oioS.jpg         74.00 kB
dist/client/assets/budapest-DeE0yag6.jpg        86.87 kB
dist/client/assets/milan-CzgIXCpY.jpg           87.16 kB
dist/client/assets/lima-DOfJHVDR.jpg            90.18 kB
dist/client/assets/san-francisco-BRiM356P.jpg   97.88 kB
dist/client/assets/bali--_k-3-AV.jpg           101.66 kB
dist/client/assets/marrakech-chG_IG-V.jpg      102.06 kB
dist/client/assets/buenos-aires-BXBu1Qqc.jpg   103.61 kB
dist/client/assets/yakarta-D0ab5SpV.jpg        107.67 kB
dist/client/assets/la-valeta-D1OWgQoT.jpg      112.28 kB
dist/client/assets/tokio-C84FyeuK.jpg          118.93 kB
dist/client/assets/oslo-BGF40cU9.jpg           136.24 kB
dist/client/assets/hero-travel-CgoXHQA5.jpg    429.13 kB
dist/client/assets/index-AgJ9z_Nr.css           86.13 kB │ gzip:  14.09 kB
dist/client/assets/index-BBfWsrEb.js           598.12 kB │ gzip: 170.80 kB

(!) Some chunks are larger than 500 kB after minification. Consider:
- Using dynamic import() to code-split the application
- Use build.rollupOptions.output.manualChunks to improve chunking: https://rollupjs.org/configuration-options/#output-manualchunks
- Adjust chunk size limit for this warning via build.chunkSizeWarningLimit.
✓ built in 8.34s

> vite_react_shadcn_ts@0.0.0 build:server
> vite build --ssr src/entry-server.tsx --outDir dist/server

vite v5.4.21 building SSR bundle for production...
transforming...
"toast" is imported from external module "sonner" but never used in "src/components/ui/sonner.tsx".
✓ 83 modules transformed.
rendering chunks...
dist/server/entry-server.js  290.49 kB
✓ built in 1.14s
  ok / -> dist/client/index.html (26903B)
  ok /blog -> dist/client/blog/index.html (20047B)
  ok /ofertas -> dist/client/ofertas/index.html (42320B)
  ok /hoteles -> dist/client/hoteles/index.html (60023B)
  ok /vuelos-madrid-roma -> dist/client/vuelos-madrid-roma/index.html (5272B)
  ok /privacy -> dist/client/privacy/index.html (8769B)
  ok /terms -> dist/client/terms/index.html (10241B)
  ok /cookies -> dist/client/cookies/index.html (7819B)
  ok /blog/vuelos-baratos-paris -> dist/client/blog/vuelos-baratos-paris/index.html (17002B)
  ok /blog/vuelos-baratos-londres -> dist/client/blog/vuelos-baratos-londres/index.html (18022B)
  ok /blog/vuelos-baratos-madrid-roma -> dist/client/blog/vuelos-baratos-madrid-roma/index.html (17493B)
  ok /blog/hoteles-baratos-barcelona-centro -> dist/client/blog/hoteles-baratos-barcelona-centro/index.html (16414B)
  ok /blog/viajes-baratos-ultima-hora -> dist/client/blog/viajes-baratos-ultima-hora/index.html (13177B)
  ok /blog/vuelos-baratos-estudiantes-europa -> dist/client/blog/vuelos-baratos-estudiantes-europa/index.html (14352B)
  ok /blog/como-encontrar-vuelos-baratos -> dist/client/blog/como-encontrar-vuelos-baratos/index.html (13537B)
  ok /blog/vuelos-baratos-roma-desde-espana -> dist/client/blog/vuelos-baratos-roma-desde-espana/index.html (15653B)
  ok /blog/mejores-destinos-baratos-europa-2026 -> dist/client/blog/mejores-destinos-baratos-europa-2026/index.html (15094B)
  ok /blog/vuelos-baratos-europa-2026 -> dist/client/blog/vuelos-baratos-europa-2026/index.html (11540B)
  ok /blog/hoteles-baratos-madrid-2026 -> dist/client/blog/hoteles-baratos-madrid-2026/index.html (11378B)
  ok /blog/escapadas-baratas-fin-de-semana -> dist/client/blog/escapadas-baratas-fin-de-semana/index.html (17051B)
  ok /blog/vuelos-baratos-ultima-hora -> dist/client/blog/vuelos-baratos-ultima-hora/index.html (13371B)
  ok /blog/hoteles-baratos-barcelona -> dist/client/blog/hoteles-baratos-barcelona/index.html (13427B)
  ok /blog/escapadas-baratas-grecia -> dist/client/blog/escapadas-baratas-grecia/index.html (12889B)
  ok /blog/vuelos-baratos-amsterdam -> dist/client/blog/vuelos-baratos-amsterdam/index.html (12220B)
  ok /blog/hoteles-baratos-berlin -> dist/client/blog/hoteles-baratos-berlin/index.html (12314B)
  ok /blog/vuelos-baratos-portugal -> dist/client/blog/vuelos-baratos-portugal/index.html (12149B)
  ok /blog/escapadas-baratas-croacia -> dist/client/blog/escapadas-baratas-croacia/index.html (13017B)
  ok /blog/hoteles-baratos-oporto -> dist/client/blog/hoteles-baratos-oporto/index.html (12613B)
  ok /blog/hoteles-baratos-paris -> dist/client/blog/hoteles-baratos-paris/index.html (16962B)
  ok /blog/vuelos-baratos-milan -> dist/client/blog/vuelos-baratos-milan/index.html (17743B)
  ok /blog/escapada-praga-vuelo-hotel -> dist/client/blog/escapada-praga-vuelo-hotel/index.html (19070B)
  ok /blog/vuelos-baratos-praga -> dist/client/blog/vuelos-baratos-praga/index.html (18116B)
  ok /blog/hoteles-baratos-londres -> dist/client/blog/hoteles-baratos-londres/index.html (17134B)
  ok /blog/vuelos-baratos-budapest -> dist/client/blog/vuelos-baratos-budapest/index.html (17973B)
  ok /blog/escapada-paris-vuelo-hotel -> dist/client/blog/escapada-paris-vuelo-hotel/index.html (18875B)
  ok /blog/vuelos-baratos-viena -> dist/client/blog/vuelos-baratos-viena/index.html (17763B)
  ok /blog/hoteles-baratos-praga -> dist/client/blog/hoteles-baratos-praga/index.html (17142B)
  ok /blog/vuelos-baratos-dublin -> dist/client/blog/vuelos-baratos-dublin/index.html (18034B)

Prerendered 38 routes (0 failed)
RC=0
