START
npm warn deprecated whatwg-encoding@2.0.0: Use @exodus/bytes instead for a more spec-conformant and faster implementation
npm warn deprecated abab@2.0.6: Use your platform's native atob() and btoa() methods instead
npm warn deprecated domexception@4.0.0: Use your platform's native DOMException instead

added 475 packages, and audited 476 packages in 18s

87 packages are looking for funding
  run `npm fund` for details

12 vulnerabilities (1 low, 3 moderate, 7 high, 1 critical)

To address issues that do not require attention, run:
  npm audit fix

To address all issues (including breaking changes), run:
  npm audit fix --force

Run `npm audit` for details.
npm notice
npm notice New major version of npm available! 10.9.8 -> 12.0.1
npm notice Changelog: https://github.com/npm/cli/releases/tag/v12.0.1
npm notice To update run: npm install -g npm@12.0.1
npm notice
CI_OK

> vite_react_shadcn_ts@0.0.0 build
> rm -rf dist && npm run build:client && npm run build:server && node scripts/prerender.mjs && rm -rf dist/server


> vite_react_shadcn_ts@0.0.0 build:client
> vite build --outDir dist/client

vite v5.4.21 building for production...
transforming...
✓ 1807 modules transformed.
rendering chunks...
computing gzip size...
dist/client/index.html                           0.62 kB │ gzip:   0.39 kB
dist/client/assets/maldivas--8y8Ne0m.jpg        58.56 kB
dist/client/assets/shanghai-v2-dr9EL.jpg        68.44 kB
dist/client/assets/nueva-york-DKbiVQ5Q.jpg      68.92 kB
dist/client/assets/singapur-pf12c61-.jpg        70.47 kB
dist/client/assets/pekin-DVdVZImY.jpg           70.59 kB
dist/client/assets/londres-CDvyix2W.jpg         72.52 kB
dist/client/assets/bangkok-DoI2oioS.jpg         74.00 kB
dist/client/assets/budapest-DeE0yag6.jpg        86.87 kB
dist/client/assets/milan-CzgIXCpY.jpg           87.16 kB
dist/client/assets/lima-DOfJHVDR.jpg            90.18 kB
dist/client/assets/san-francisco-BRiM356P.jpg   97.88 kB
dist/client/assets/bali--_k-3-AV.jpg           101.66 kB
dist/client/assets/marrakech-chG_IG-V.jpg      102.06 kB
dist/client/assets/buenos-aires-BXBu1Qqc.jpg   103.61 kB
dist/client/assets/yakarta-D0ab5SpV.jpg        107.67 kB
dist/client/assets/la-valeta-D1OWgQoT.jpg      112.28 kB
dist/client/assets/tokio-C84FyeuK.jpg          118.93 kB
dist/client/assets/oslo-BGF40cU9.jpg           136.24 kB
dist/client/assets/hero-travel-CgoXHQA5.jpg    429.13 kB
dist/client/assets/index-AgJ9z_Nr.css           86.13 kB │ gzip:  14.09 kB
dist/client/assets/index-B47MchL2.js           719.35 kB │ gzip: 195.02 kB

(!) Some chunks are larger than 500 kB after minification. Consider:
- Using dynamic import() to code-split the application
- Use build.rollupOptions.output.manualChunks to improve chunking: https://rollupjs.org/configuration-options/#output-manualchunks
- Adjust chunk size limit for this warning via build.chunkSizeWarningLimit.
✓ built in 7.10s

> vite_react_shadcn_ts@0.0.0 build:server
> vite build --ssr src/entry-server.tsx --outDir dist/server

vite v5.4.21 building SSR bundle for production...
transforming...
"toast" is imported from external module "sonner" but never used in "src/components/ui/sonner.tsx".
✓ 97 modules transformed.
rendering chunks...
dist/server/entry-server.js  413.12 kB
✓ built in 913ms
  ok / -> dist/client/index.html (26903B)
  ok /blog -> dist/client/blog/index.html (27484B)
  ok /ofertas -> dist/client/ofertas/index.html (42320B)
  ok /hoteles -> dist/client/hoteles/index.html (60023B)
  ok /vuelos-madrid-roma -> dist/client/vuelos-madrid-roma/index.html (5272B)
  ok /privacy -> dist/client/privacy/index.html (8769B)
  ok /terms -> dist/client/terms/index.html (10241B)
  ok /cookies -> dist/client/cookies/index.html (7819B)
  ok /blog/vuelos-baratos-paris -> dist/client/blog/vuelos-baratos-paris/index.html (18859B)
  ok /blog/vuelos-baratos-londres -> dist/client/blog/vuelos-baratos-londres/index.html (19849B)
  ok /blog/vuelos-baratos-madrid-roma -> dist/client/blog/vuelos-baratos-madrid-roma/index.html (19220B)
  ok /blog/hoteles-baratos-barcelona-centro -> dist/client/blog/hoteles-baratos-barcelona-centro/index.html (18141B)
  ok /blog/viajes-baratos-ultima-hora -> dist/client/blog/viajes-baratos-ultima-hora/index.html (14904B)
  ok /blog/vuelos-baratos-estudiantes-europa -> dist/client/blog/vuelos-baratos-estudiantes-europa/index.html (16079B)
  ok /blog/como-encontrar-vuelos-baratos -> dist/client/blog/como-encontrar-vuelos-baratos/index.html (15264B)
  ok /blog/vuelos-baratos-roma-desde-espana -> dist/client/blog/vuelos-baratos-roma-desde-espana/index.html (17380B)
  ok /blog/mejores-destinos-baratos-europa-2026 -> dist/client/blog/mejores-destinos-baratos-europa-2026/index.html (16821B)
  ok /blog/vuelos-baratos-europa-2026 -> dist/client/blog/vuelos-baratos-europa-2026/index.html (13267B)
  ok /blog/hoteles-baratos-madrid-2026 -> dist/client/blog/hoteles-baratos-madrid-2026/index.html (13105B)
  ok /blog/escapadas-baratas-fin-de-semana -> dist/client/blog/escapadas-baratas-fin-de-semana/index.html (18876B)
  ok /blog/vuelos-baratos-ultima-hora -> dist/client/blog/vuelos-baratos-ultima-hora/index.html (15098B)
  ok /blog/hoteles-baratos-barcelona -> dist/client/blog/hoteles-baratos-barcelona/index.html (15328B)
  ok /blog/escapadas-baratas-grecia -> dist/client/blog/escapadas-baratas-grecia/index.html (14616B)
  ok /blog/vuelos-baratos-amsterdam -> dist/client/blog/vuelos-baratos-amsterdam/index.html (14147B)
  ok /blog/hoteles-baratos-berlin -> dist/client/blog/hoteles-baratos-berlin/index.html (14041B)
  ok /blog/vuelos-baratos-portugal -> dist/client/blog/vuelos-baratos-portugal/index.html (13876B)
  ok /blog/escapadas-baratas-croacia -> dist/client/blog/escapadas-baratas-croacia/index.html (14744B)
  ok /blog/hoteles-baratos-oporto -> dist/client/blog/hoteles-baratos-oporto/index.html (14340B)
  ok /blog/hoteles-baratos-paris -> dist/client/blog/hoteles-baratos-paris/index.html (18689B)
  ok /blog/vuelos-baratos-milan -> dist/client/blog/vuelos-baratos-milan/index.html (19705B)
  ok /blog/escapada-praga-vuelo-hotel -> dist/client/blog/escapada-praga-vuelo-hotel/index.html (21009B)
  ok /blog/vuelos-baratos-praga -> dist/client/blog/vuelos-baratos-praga/index.html (19843B)
  ok /blog/hoteles-baratos-londres -> dist/client/blog/hoteles-baratos-londres/index.html (18861B)
  ok /blog/vuelos-baratos-budapest -> dist/client/blog/vuelos-baratos-budapest/index.html (19993B)
  ok /blog/escapada-paris-vuelo-hotel -> dist/client/blog/escapada-paris-vuelo-hotel/index.html (20707B)
  ok /blog/vuelos-baratos-viena -> dist/client/blog/vuelos-baratos-viena/index.html (19660B)
  ok /blog/hoteles-baratos-praga -> dist/client/blog/hoteles-baratos-praga/index.html (19039B)
  ok /blog/vuelos-baratos-dublin -> dist/client/blog/vuelos-baratos-dublin/index.html (20157B)
  ok /blog/equipaje-mano-low-cost -> dist/client/blog/equipaje-mano-low-cost/index.html (19468B)
  ok /blog/vuelos-baratos-edimburgo -> dist/client/blog/vuelos-baratos-edimburgo/index.html (20263B)
  ok /blog/hoteles-baratos-budapest -> dist/client/blog/hoteles-baratos-budapest/index.html (20052B)
  ok /blog/vuelos-baratos-bruselas -> dist/client/blog/vuelos-baratos-bruselas/index.html (21422B)
  ok /blog/escapada-budapest-vuelo-hotel -> dist/client/blog/escapada-budapest-vuelo-hotel/index.html (22258B)
  ok /blog/vuelos-baratos-copenhague -> dist/client/blog/vuelos-baratos-copenhague/index.html (20291B)
  ok /blog/hoteles-baratos-viena -> dist/client/blog/hoteles-baratos-viena/index.html (19939B)
  ok /blog/vuelos-baratos-desde-malaga -> dist/client/blog/vuelos-baratos-desde-malaga/index.html (20582B)
  ok /blog/hoteles-baratos-sevilla -> dist/client/blog/hoteles-baratos-sevilla/index.html (20035B)
  ok /blog/vuelos-baratos-desde-valencia -> dist/client/blog/vuelos-baratos-desde-valencia/index.html (20620B)
  ok /blog/hoteles-baratos-valencia -> dist/client/blog/hoteles-baratos-valencia/index.html (19996B)
  ok /blog/escapada-venecia-vuelo-hotel -> dist/client/blog/escapada-venecia-vuelo-hotel/index.html (20632B)
  ok /blog/hoteles-baratos-malaga -> dist/client/blog/hoteles-baratos-malaga/index.html (20023B)
  ok /blog/aeropuertos-secundarios-europa-baratos -> dist/client/blog/aeropuertos-secundarios-europa-baratos/index.html (19526B)

Prerendered 52 routes (0 failed)
BUILD_OK
ALLDONE 0
